<html>
<body>
<pre>
<h1>µVision Build Log</h1>
<h2>Project:</h2>
E:\CurWork\ECG\code\keil\702\lcd\Project\uv.uvproj
Project File Date:  12/19/2010

<h2>Output:</h2>
Build target 'ECG12'
compiling main.c...
compiling stm32f10x_it.c...
compiling misc.c...
compiling stm32f10x_rcc.c...
compiling stm32f10x_spi.c...
compiling stm32f10x_gpio.c...
compiling stm32f10x_usart.c...
compiling stm32f10x_fsmc.c...
compiling core_cm3.c...
compiling system_stm32f10x.c...
linking...
Program Size: Code=1836 RO-data=268 RW-data=40 ZI-data=1024  
"uv.axf" - 0 Error(s), 0 Warning(s).
Build target 'ECG12'
compiling main.c...
compiling stm32f10x_it.c...
compiling misc.c...
compiling stm32f10x_rcc.c...
compiling stm32f10x_spi.c...
compiling stm32f10x_gpio.c...
compiling stm32f10x_usart.c...
compiling stm32f10x_fsmc.c...
compiling core_cm3.c...
compiling system_stm32f10x.c...
linking...
Program Size: Code=616 RO-data=252 RW-data=0 ZI-data=1024  
"uv.axf" - 0 Error(s), 0 Warning(s).
Build target 'ECG12'
compiling main.c...
linking...
Program Size: Code=616 RO-data=252 RW-data=0 ZI-data=1024  
FromELF: creating hex file...
"ECG12.axf" - 0 Error(s), 0 Warning(s).
